<html>
<body>
<pre>
<h1>µVision Build Log</h1>
<h2>Project:</h2>
C:\Personal-Work\Emb\ARM\Seven_segment\7segment.uvproj
Project File Date:  08/23/2024

<h2>Output:</h2>
compiling 7segment.c...
7segment.c(94): warning:  #1-D: last line of file ends without a newline
7segment.c - 0 Error(s), 1 Warning(s).
compiling 7segment.c...
7segment.c(94): warning:  #1-D: last line of file ends without a newline
7segment.c - 0 Error(s), 1 Warning(s).
Build target 'Target 1'
assembling Startup.s...
linking...
Program Size: Code=1416 RO-data=32 RW-data=56 ZI-data=1256  
FromELF: creating hex file...
"7segment.axf" - 0 Error(s), 0 Warning(s).
Rebuild target 'Target 1'
assembling Startup.s...
compiling 7segment.c...
7segment.c(94): warning:  #1-D: last line of file ends without a newline
linking...
Program Size: Code=1416 RO-data=32 RW-data=56 ZI-data=1256  
FromELF: creating hex file...
"7segment.axf" - 0 Error(s), 1 Warning(s).
compiling 7segment.c...
7segment.c(100): warning:  #1-D: last line of file ends without a newline
7segment.c - 0 Error(s), 1 Warning(s).
Build target 'Target 1'
linking...
Program Size: Code=1416 RO-data=32 RW-data=56 ZI-data=1256  
FromELF: creating hex file...
"7segment.axf" - 0 Error(s), 0 Warning(s).
