<html>
<body>
<pre>
<h1>µVision Build Log</h1>
<h2>Project:</h2>
C:\Personal-Work\Emb\ARM\TImer\Timer_1\Timer_1.uvproj
Project File Date:  08/23/2024

<h2>Output:</h2>
compiling Timer_1.c...
Timer_1.c(35): warning:  #1-D: last line of file ends without a newline
Timer_1.c - 0 Error(s), 1 Warning(s).
Build target 'Target 1'
linking...
Program Size: Code=848 RO-data=16 RW-data=0 ZI-data=1256  
FromELF: creating hex file...
"Timer_1.axf" - 0 Error(s), 0 Warning(s).
Rebuild target 'Target 1'
assembling Startup.s...
compiling Timer_1.c...
Timer_1.c(35): warning:  #1-D: last line of file ends without a newline
linking...
Program Size: Code=848 RO-data=16 RW-data=0 ZI-data=1256  
FromELF: creating hex file...
"Timer_1.axf" - 0 Error(s), 1 Warning(s).
compiling Timer_1.c...
Timer_1.c(35): warning:  #1-D: last line of file ends without a newline
Timer_1.c - 0 Error(s), 1 Warning(s).
Build target 'Target 1'
linking...
Program Size: Code=848 RO-data=16 RW-data=0 ZI-data=1256  
FromELF: creating hex file...
"Timer_1.axf" - 0 Error(s), 0 Warning(s).
Rebuild target 'Target 1'
assembling Startup.s...
compiling Timer_1.c...
Timer_1.c(35): warning:  #1-D: last line of file ends without a newline
linking...
Program Size: Code=848 RO-data=16 RW-data=0 ZI-data=1256  
FromELF: creating hex file...
"Timer_1.axf" - 0 Error(s), 1 Warning(s).
compiling Timer_1.c...
Timer_1.c(35): warning:  #1-D: last line of file ends without a newline
Timer_1.c - 0 Error(s), 1 Warning(s).
Build target 'Target 1'
linking...
Program Size: Code=848 RO-data=16 RW-data=0 ZI-data=1256  
FromELF: creating hex file...
"Timer_1.axf" - 0 Error(s), 0 Warning(s).
Rebuild target 'Target 1'
assembling Startup.s...
compiling Timer_1.c...
Timer_1.c(35): warning:  #1-D: last line of file ends without a newline
linking...
Program Size: Code=848 RO-data=16 RW-data=0 ZI-data=1256  
FromELF: creating hex file...
"Timer_1.axf" - 0 Error(s), 1 Warning(s).
